Testing HaloBank enhancements...
